// Jest Snapshot v1, https://goo.gl/fbAQLP

exports[`MainComponent 렌더링 시킬 수 있다. 1`] = `
<View
  style={
    Object {
      "backgroundColor": "red",
      "flex": 1,
    }
  }
/>
`;
